// Jest Snapshot v1, https://goo.gl/fbAQLP

exports[`ActionModalButton renders properly 1`] = `
<span
  className="start-button-for-cancel-modal"
>
  <button
    aria-label="cancel"
    className="btn btn-secondary"
    onClick={[Function]}
    type="button"
  />
</span>
`;
