// Jest Snapshot v1, https://goo.gl/fbAQLP

exports[`InfoModalButton renders properly 1`] = `
<span
  className="modal-for-info-for-picture"
>
  <button
    aria-label="Info"
    className="btn-info-modal btn btn-secondary"
    onClick={[Function]}
    type="button"
  />
</span>
`;
