// Jest Snapshot v1, https://goo.gl/fbAQLP

exports[`ProgressContainer renders properly 1`] = `
<div
  className="progress-bar-container row"
>
  <div
    className="col-md-4 col-sm-12 progress-bar1 progress-active"
    style={
      Object {
        "borderBottom": "2px solid #d4d4d4",
        "fontWeight": "900",
        "marginBottom": "10px",
        "paddingLeft": "0",
      }
    }
  >
    <span>
      1. VÃ¤lj bild
    </span>
  </div>
  <div
    className="col-md-4 col-sm-12 progress-bar1 "
    style={
      Object {
        "borderBottom": "2px solid #d4d4d4",
        "marginBottom": "10px",
        "paddingLeft": "0",
      }
    }
  >
    <span>
      2. Redigera text
    </span>
  </div>
  <div
    className="col-md-4 col-sm-12 progress-bar1 "
    style={
      Object {
        "borderBottom": "2px solid #d4d4d4",
        "marginBottom": "10px",
        "paddingLeft": "0",
      }
    }
  >
    <span>
      3. Granska och publicera
    </span>
  </div>
  <div>
    <p
      data-testid="intro-text"
      style={
        Object {
          "marginBottom": "0",
          "marginTop": "20px",
        }
      }
    >
      Choose a semester and a course offering for the course memo data to be published (step 1 of 3).
      In the next step (2 of 3), course data will be fetched automatically for the selected semester and course offering.
      It is there possible to edit some of the course data and course memo data.
      Preview the table with the course data and course memo data that are about to be published in the last step (3 of 3).
      The course data with the course memo data will then be published on the page ....
    </p>
  </div>
</div>
`;
